
R version 3.2.3 (2015-12-10) -- "Wooden Christmas-Tree"
Copyright (C) 2015 The R Foundation for Statistical Computing
Platform: x86_64-pc-linux-gnu (64-bit)

R é um software livre e vem sem GARANTIA ALGUMA.
Você pode redistribuí-lo sob certas circunstâncias.
Digite 'license()' ou 'licence()' para detalhes de distribuição.

R é um projeto colaborativo com muitos contribuidores.
Digite 'contributors()' para obter mais informações e
'citation()' para saber como citar o R ou pacotes do R em publicações.

Digite 'demo()' para demonstrações, 'help()' para o sistema on-line de ajuda,
ou 'help.start()' para abrir o sistema de ajuda em HTML no seu navegador.
Digite 'q()' para sair do R.

> require(dplyr)
Carregando pacotes exigidos: dplyr

Attaching package: ‘dplyr’

The following objects are masked from ‘package:stats’:

    filter, lag

The following objects are masked from ‘package:base’:

    intersect, setdiff, setequal, union

> require(dtplyr)
Carregando pacotes exigidos: dtplyr
> require(data.table)
Carregando pacotes exigidos: data.table

Attaching package: ‘data.table’

The following objects are masked from ‘package:dplyr’:

    between, first, last

> 
> args <- commandArgs(trailingOnly=FALSE)
> print(args)
[1] "/usr/lib/R/bin/exec/R" "-f"                    "preprocessing.R"      
[4] "--restore"             "--save"                "--no-readline"        
> setwd(paste('~/PyCharm-Workspace/tribunaldb/data/',args[1],sep=''))
Error in setwd(paste("~/PyCharm-Workspace/tribunaldb/data/", args[1],  : 
  não é possível mudar o diretório de trabalho
Execução interrompida
